2014-03-25 11:30:05.0000|INFO|Specify|Scenario: Example Scenario Result: Passed Duration: 15 milliseconds.
2014-03-25 11:30:05.0000|DEBUG|Specify|Step: Given a <sign> account balance Result: Passed Duration: 5 milliseconds.
2014-03-25 11:30:05.0000|DEBUG|Specify|Step: When the account holder requests money Result: Passed Duration: 5 milliseconds.
2014-03-25 11:30:05.0000|DEBUG|Specify|Step: Then money <action> dispensed Result: Passed Duration: 5 milliseconds.
2014-03-25 11:30:05.0000|INFO|Specify|Scenario: Example Scenario Result: Failed Duration: 15 milliseconds.
2014-03-25 11:30:05.0000|DEBUG|Specify|Step: Given a <sign> account balance Result: Passed Duration: 5 milliseconds.
2014-03-25 11:30:05.0000|DEBUG|Specify|Step: When the account holder requests money Result: Passed Duration: 5 milliseconds.
2014-03-25 11:30:05.0000|DEBUG|Specify|Step: Then money <action> dispensed Result: Failed Duration: 5 milliseconds.
2014-03-25 11:30:05.0000|ERROR|Specify|Boom
With
New lines
